Coverage Report by instance with details

=================================================================================
=== Instance: /tb_task1/dut
=== Design Unit: work.task1
=================================================================================
Branch Coverage:
    Enabled Coverage              Bins      Hits    Misses  Coverage
    ----------------              ----      ----    ------  --------
    Branches                        15         4        11    26.66%

================================Branch Details================================

Branch Coverage for instance /tb_task1/dut

    Line         Item                      Count     Source 
    ----         ----                      -----     ------ 
  File task1.sv
------------------------------------IF Branch------------------------------------
    13                                         2     Count coming in to IF
    13              1                          1     
    16              1                          1     
Branch totals: 2 hits of 2 branches = 100.00%

------------------------------------CASE Branch------------------------------------
    17                                         1     Count coming in to CASE
    18              1                          1     
    24              1                    ***0***     
    25              1                    ***0***     
    29              1                    ***0***     
Branch totals: 1 hit of 4 branches = 25.00%

------------------------------------IF Branch------------------------------------
    18                                         1     Count coming in to IF
    18              2                    ***0***     
    20              1                    ***0***     
                                               1     All False Count
Branch totals: 1 hit of 3 branches = 33.33%

------------------------------------IF Branch------------------------------------
    24                                   ***0***     Count coming in to IF
    24              2                    ***0***     
                                         ***0***     All False Count
Branch totals: 0 hits of 2 branches = 0.00%

------------------------------------IF Branch------------------------------------
    25                                   ***0***     Count coming in to IF
    25              2                    ***0***     
                                         ***0***     All False Count
Branch totals: 0 hits of 2 branches = 0.00%

------------------------------------IF Branch------------------------------------
    30                                   ***0***     Count coming in to IF
    30              1                    ***0***     
    33              1                    ***0***     
Branch totals: 0 hits of 2 branches = 0.00%


Statement Coverage:
    Enabled Coverage              Bins      Hits    Misses  Coverage
    ----------------              ----      ----    ------  --------
    Statements                      12         3         9    25.00%

================================Statement Details================================

Statement Coverage for instance /tb_task1/dut --

    Line         Item                      Count     Source 
    ----         ----                      -----     ------ 
  File task1.sv
    12              1                          2     
    14              1                          1     
    15              1                          1     
    19              1                    ***0***     
    21              1                    ***0***     
    22              1                    ***0***     
    24              1                    ***0***     
    26              1                    ***0***     
    27              1                    ***0***     
    31              1                    ***0***     
    32              1                    ***0***     
    34              1                    ***0***     
Toggle Coverage:
    Enabled Coverage              Bins      Hits    Misses  Coverage
    ----------------              ----      ----    ------  --------
    Toggles                          7         1         6    14.28%

================================Toggle Details================================

Toggle Coverage for instance /tb_task1/dut --

                                              Node      1H->0L      0L->1H                          "Coverage"
                                              ---------------------------------------------------------------
                                                 V           0           0                                0.00 
                                     current_state               ENUM type       Value       Count 
                                                                     RESET           0        0.00 
                                                                         F           0        0.00 
                                                                         G           0        0.00 
                                                                         H           0        0.00 

Total Node Count     =          6 
Toggled Node Count   =          1 
Untoggled Node Count =          5 

Toggle Coverage      =      14.28% (1 of 7 bins)

=================================================================================
=== Instance: /tb_task1
=== Design Unit: work.tb_task1
=================================================================================
Statement Coverage:
    Enabled Coverage              Bins      Hits    Misses  Coverage
    ----------------              ----      ----    ------  --------
    Statements                      22         9        13    40.90%

================================Statement Details================================

Statement Coverage for instance /tb_task1 --

    Line         Item                      Count     Source 
    ----         ----                      -----     ------ 
  File tb_task1.sv
    9               1                     200001     
    9               2                     200000     
    12              1                          1     
    12              2                          1     
    13              1                          1     
    13              2                          1     
    13              3                          1     
    13              4                          1     
    21              1                          1     
    21              2                    ***0***     
    22              1                    ***0***     
    22              2                    ***0***     
    22              3                    ***0***     
    22              4                    ***0***     
    22              5                    ***0***     
    22              6                    ***0***     
    22              7                    ***0***     
    23              1                    ***0***     
    23              2                    ***0***     
    24              1                    ***0***     
    25              1                    ***0***     
    25              2                    ***0***     
Toggle Coverage:
    Enabled Coverage              Bins      Hits    Misses  Coverage
    ----------------              ----      ----    ------  --------
    Toggles                         26         3        23    11.53%

================================Toggle Details================================

Toggle Coverage for instance /tb_task1 --

                                              Node      1H->0L      0L->1H                          "Coverage"
                                              ---------------------------------------------------------------
                                                 D           0           0                                0.00 
                                                 N           0           0                                0.00 
                                                 V           0           0                                0.00 
                                            resetb           0           1                               50.00 
                                          tag[0-7]           0           0                                0.00 

Total Node Count     =         13 
Toggled Node Count   =          1 
Untoggled Node Count =         12 

Toggle Coverage      =      11.53% (3 of 26 bins)


Total Coverage By Instance (filtered view): 24.69%

